// Jest Snapshot v1, https://goo.gl/fbAQLP

exports[`integration tests httpServerTests.ts graphqlHTTP uses stringifyResult parameter: "{
          "data": {
                    "testString": "stringifyResults works!"
          }
}" 1`] = `
"{
          "data": {
                    "testString": "stringifyResults works!"
          }
}"
`;
